Script started on Wed 31 Jan 2018 09:30:34 AM EST
sf27@atanasoff:~/Desktop/CS214/proj01$ cat RectangleArea.java


/* RectangleArea.java computes the area of a rectangle.
 *
 * Input: The width and height of the circle.
 * Precondition: The width and height are positive numbers.
 * Output: The area of the rectangle.
 *
 * By: Shion Fukuzawa
 * Date: January 31, 2018
 **********************************************************/


import java.util.Scanner;  // include class for Scanner

public class RectangleArea {

     /* function rectangleArea() computes a rectangle's area, given its width and height.
      * Parameter: w, h, both doubles
      * Precondition: w, h are not negative.
      * Returns: the area of the rectangle
      */
     public static double rectangleArea(double w, double h) {
        return w*h;               // return an expression
     } // rectangleArea method
	
  // main program
  public static void main(String[] args) {
      // Create a connection named keyboard to standard in
      Scanner keyboard = new Scanner(System.in); 

      System.out.println("To compute the area of a rectangle,");

      // prompt for width
      System.out.print(" enter its width: ");       
      //Get the number from the user
      double width = keyboard.nextDouble();
      
      // prompt for height
      System.out.print(" enter its height: ");
      //Get the number from the user
      double height = keyboard.nextDouble();

      // output area
      System.out.println("The area is " + rectangleArea(width, height)); 
  } // main method
} // class RectangleArea
sf27@atanasoff:~/Desktop/CS214/proj01$ javac -deprecation RectangleArea.java
sf27@atanasoff:~/Desktop/CS214/proj01$ java RectangleArea. 
To compute the area of a rectangle,
 enter its width: 3
 enter its height: 5
The area is 15.0
sf27@atanasoff:~/Desktop/CS214/proj01$ java RectangleArea
To compute the area of a rectangle,
 enter its width: 8
 enter its height: 4
The area is 32.0
sf27@atanasoff:~/Desktop/CS214/proj01$ java RectangleArea
To compute the area of a rectangle,
 enter its width: 3.14
 enter its height: 2.17
The area is 6.8138
sf27@atanasoff:~/Desktop/CS214/proj01$ exit

Script done on Wed 31 Jan 2018 09:31:28 AM EST
Script started on Wed 31 Jan 2018 09:35:45 AM EST
sf27@atanasoff:~/Desktop/CS214/proj01$ cat rectangle_)a  area.ada  
rectangle_area.adb  rectangle_area.ali  
sf27@atanasoff:~/Desktop/CS214/proj01$ cat rectangle_area.adb
-- circle_area.adb computes the area of a circle.
--
-- Input: The width and height of the rectangle.
-- Precondition: The width and height are positive numbers.
-- Output: The area of the rectangle.
--
-- By: Shion Fukuzawa
-- Date: January 31, 2018
----------------------------------------------------

with Ada.Text_IO, Ada.Float_Text_IO;
use  Ada.Text_IO, Ada.Float_Text_IO;

procedure rectangle_area is

   width, height, area : float; 

   -- function rectangleArea computes a rectangle's area, given its width and height
   -- Parameter: w, a float
   -- Parameter: h, a float
   -- Precondition: w, h >= 0.0
   -- Return: the area of the rectangle whose width is w and height is h
   ----------------------------------------------------
   function rectangleArea(w: in float; h: in float) return float is 
   begin
      return w * h;
   end rectangleArea;

begin                           
   Put_Line("To compute the area of a rectangle,");
   Put("enter its width: ");
   Get(width);

   Put("enter its height: ");
   Get(height);
   area := rectangleArea(width, height);

   Put("The rectangle's area is ");
   Put(area);
   New_Line;
end rectangle_area;sf27@atanasoff:~/Desktop/CS214/proj01$ gnatmake rectangle_area
gnatmake: "rectangle_area" up to date.
sf27@atanasoff:~/Desktop/CS214/proj01$ ./rectangle_area
To compute the area of a rectangle,
enter its width: 3
enter its height: 5
The rectangle's area is  1.50000E+01
sf27@atanasoff:~/Desktop/CS214/proj01$ ./rectangle_area
To compute the area of a rectangle,
enter its width: 8  
enter its height: 4
The rectangle's area is  3.20000E+01
sf27@atanasoff:~/Desktop/CS214/proj01$ ./rectangle_area
To compute the area of a rectangle,
enter its width: 3.14
enter its height: 2.71
The rectangle's area is  8.50940E+00
sf27@atanasoff:~/Desktop/CS214/proj01$ exit

Script done on Wed 31 Jan 2018 09:36:33 AM EST
;;; rectangle_area.el computes the area of a rectangle. 
;;;                                                                     
;;; Input: The width and height of the rectangle.                       
;;; Precondition: The width and height are positive numbers.    
;;; Output: The area of the rectangle.                                     
;;; 
;;; By: Shion Fukuzawa
;;; Date: January 31, 2018
;;;;;;;;;;;;;;;;;;;;;;;;;;;;;;;;;;;;;;;;;;;;;;;;;;;;;                   

;;; function rectangleArea computes a rectangle's area, given its width and height.     
;;; Parameters: w, a number.
;;; Parameters: h, a number.
;;; Precondition: w, h >= 0.                                               
;;; Returns: the area of the rectangle whose width is w and height is h.                   
;;;;;;;;;;;;;;;;;;;;;;;;;;;;;;;;;;;;;;;;;;;;;;;;;;;;;;                  
(defun rectangleArea (width height)
  "Compute the area of a rectangle, passed its width and height."
  (* width height))
rectangleArea
(rectangleArea 3 5)
15


(defun rectangle_area(w h)
 "Compute the area of a rectangle, given its width and height interactively."
  (interactive "nEnter a rectangle's width: \nnEnter a rectangle's height: ")        
  (setq area (rectangleArea w h))      
  (message "The rectangle's area is %f." area))

rectangle_area
(rectangle_area 3 5)
"The rectangleâ€™s area is 15.000000."
(rectangle_area 8 4)
"The rectangleâ€™s area is 32.000000."
(rectangle_area 3.14 2.71)
"The rectangleâ€™s area is 8.509400."
Script started on Wed Jan 31 14:47:42 2018
[?1034hbash-3.2$ cat rectangle_area.rb
cat: rectangle_area.rb: No such file or directory
bash-3.2$ cat rectangle_area.rbprectangle_area.rb[C[C[C[C[C[C[C[C[C[C[C[C[C[C[C[Crectangle_area.rborectangle_area.rbjrectangle_area.rb0rectangle_area.rb1rectangle_area.rb/rectangle_area.rb
#! /usr/bin/ruby
# rectangle_area.rb computes the area of a rectangle given its width and height
# 
# Input: the width and height of a rectangle
# Precondition: the width and height are not negative
# Output: the area of the rectangle.
#
# By: Shion Fukuzawa
# Date: January 31, 2018
###############################################################

# function rectangleArea returns a rectangle's area, given its width and height
# Parameters: w, a number
# Parameters: h, a number
# Precondition: w, h > 0.
# Returns: the area of a rectangle whose width is w and height is h.
def rectangleArea(w, h)
    w * h
end

if __FILE__ == $0
   puts "To compute the area of a rectangle,"
   print " enter its width: "
   width = gets.chomp.to_f
   print " enter its height: "
   height = gets.chomp.to_f
   print "The circle's area is: "
   puts rectangleArea(width, height)
end
bash-3.2$ ruby rectangle_area.rb
ruby: No such file or directory -- rectangle_area.rb (LoadError)
bash-3.2$ ruby rectangle_area.rbprectangle_area.rb[Crectangle_area.rborectangle_area.rbjrectangle_area.rb0rectangle_area.rb1rectangle_area.rb/rectangle_area.rb
To compute the area of a rectangle,
 enter its width: 3
 enter its height: 5
The circle's area is: 15.0
bash-3.2$ ruby proj01/rectangle_area.rb
To compute the area of a rectangle,
 enter its width: 8
 enter its height: 4
The circle's area is: 32.0
bash-3.2$ ruby proj01/rectangle_area.rb
To compute the area of a rectangle,
 enter its width: 3.14
 enter its height: 2.71
The circle's area is: 8.5094
bash-3.2$ exit

Script done on Wed Jan 31 14:48:36 2018
