Script started on Wed 31 Jan 2018 09:02:11 AM EST
sf27@atanasoff:~/Desktop/CS214$ cat cire    Cri  ircleArea.
cat: CircleArea.: No such file or directory
sf27@atanasoff:~/Desktop/CS214$ cat CircleArea.java 


/* CircleArea.java computes the area of a circle.
 *
 * Input: The radius of the circle.
 * Precondition: The radius is a positive number.
 * Output: The area of the circle.
 *
 * Begun by: Dr. Adams, for CS 214, at Calvin College.
 * Completed by: Shion Fukuzawa
 * Date: January 31, 2018
 **********************************************************/


import java.util.Scanner;  // include class for Scanner

public class CircleArea {

     /* function circleArea() computes a circle's area, given its radius.
      * Parameter: r, a double
      * Precondition: r is not negative.
      * Returns: the area of the circle
      */
     public static double circleArea(double r) {
        return Math.PI * r * r;               // return an expression
     } // circleArea method
	
  // main program
  public static void main(String[] args) {
      // prompt for radius
      System.out.println("To compute the area of a circle,");
      System.out.print(" enter its radius: ");
     
      // Create a connection named keyboard to standard in
      Scanner keyboard = new Scanner(System.in); 
  
      //Get the number from the user
      double radius = keyboard.nextDouble();
      
      // output area
      System.out.println("The area is " + circleArea(radius)); 
  } // main method
} // class CircleArea
sf27@atanasoff:~/Desktop/CS214$ jvaa  a  avac -deprecation cr  CircleArea.java 
sf27@atanasoff:~/Desktop/CS214$ java CircleArea. 
To compute the area of a circle,
 enter its radius: 1
The area is 3.141592653589793
sf27@atanasoff:~/Desktop/CS214$ java CircleArea
To compute the area of a circle,
 enter its radius: 2
The area is 12.566370614359172
sf27@atanasoff:~/Desktop/CS214$ java CircleArea
To compute the area of a circle,
 enter its radius: 2.5
The area is 19.634954084936208
sf27@atanasoff:~/Desktop/CS214$ java CircleArea
To compute the area of a circle,
 enter its radius: 4.99999
The area is 78.53950218079365
sf27@atanasoff:~/Desktop/CS214$ exit

Script done on Wed 31 Jan 2018 09:03:01 AM EST
Script started on Wed 31 Jan 2018 09:05:04 AM EST
sf27@atanasoff:~/Desktop/CS214$ cat circle_area.adb 
-- circle_area.adb computes the area of a circle.
--
-- Input: The radius of the circle.
-- Precondition: The radius is a positive number.
-- Output: The area of the circle.
--
-- Begun by: Dr. Adams, CS 214 at Calvin College.
-- Completed by: Shion Fukuzawa
-- Date: January 31, 2018
----------------------------------------------------

with Ada.Text_IO, Ada.Float_Text_IO;
use  Ada.Text_IO, Ada.Float_Text_IO;

procedure circle_area is

   radius, area : float; 

   -- function circleArea computes a circle's area, given its radius
   -- Parameter: r, a float
   -- Precondition: r >= 0.0
   -- Return: the area of the circle whose radius is r
   ----------------------------------------------------
   function circleArea(r: in float) return float is 
      PI : constant := 3.1415927;
   begin
      return PI * r ** 2;
   end circleArea;

begin                           
   Put_Line("To compute the area of a circle,");
   Put("enter its radius: ");
   Get(radius);

   area := circleArea(radius);

   Put("The circle's area is ");
   Put(area);
   New_Line;
end circle_area;sf27@atanasoff:~/Desktop/CS214$ gnat  make circle_area.a
circle_area.adb  circle_area.ali  
sf27@atanasoff:~/Desktop/CS214$ gnatmake circle_area.adb
gnatbind-5 -x circle_area.ali
gnatlink-5 circle_area.ali
sf27@atanasoff:~/Desktop/CS214$ ./circle_area 
To compute the area of a circle,
enter its radius: 1
The circle's area is  3.14159E+00
sf27@atanasoff:~/Desktop/CS214$ ./circle_area 
To compute the area of a circle,
enter its radius: 2
The circle's area is  1.25664E+01
sf27@atanasoff:~/Desktop/CS214$ ./circle_area 
To compute the area of a circle,
enter its radius: 2.5
The circle's area is  1.96350E+01
sf27@atanasoff:~/Desktop/CS214$ ./circle_area 
To compute the area of a circle,
enter its radius: 4.99999
The circle's area is  7.85395E+01
sf27@atanasoff:~/Desktop/CS214$ exit

Script done on Wed 31 Jan 2018 09:05:48 AM EST
;; This buffer is for notes you don't want to save, and for Lisp evaluation.
;; If you want to create a file, visit that file with C-x C-f,
;; then enter the text in that file's own buffer.

;;; circle_area.el computes the area of a circle. 
;;;                                                                     
;;; Input: The radius of the circle.                                    
;;; Precondition: The radius is a positive number.                      
;;; Output: The area of the circle.                                     
;;; 
;;; Begun by: Dr. Adams, for CS 214 at Calvin College.
;;; Completed by: Shion Fukuzawa
;;; Date: January 31, 2018
;;;;;;;;;;;;;;;;;;;;;;;;;;;;;;;;;;;;;;;;;;;;;;;;;;;;;                   

;;; function circleArea computes a circle's area, given its radius.     
;;; Parameters: r, a number.                                            
;;; Precondition: r >= 0.                                               
;;; Returns: the area of the circle whose radius is r.                   
;;;;;;;;;;;;;;;;;;;;;;;;;;;;;;;;;;;;;;;;;;;;;;;;;;;;;;                  
(defun circleArea (radius)
  "Compute the area of a circle, passed its radius."
  (defconst PI 3.1415927)            
  (* PI (* radius radius)))         
circleArea
(circleArea 1)
3.1415927


(defun circle_area(r)
 "Compute the area of a circle, given its radius interactively."
  (interactive "nEnter a circle's radius: ")        
  (setq area (circleArea r))      
  (message "The circle's area is %f." area))

circle_area
(circle_area 1)
"The circle's area is 3.141593."

(circle_area 2)
"The circle's area is 12.566371."

(circle_area 2.5)
"The circle's area is 19.634954."

(circle_area 4.99999)
"The circle's area is 78.539503."
Script started on Wed 31 Jan 2018 09:17:54 AM EST
sf27@atanasoff:~/Desktop/CS214$ cat s circle_area.rb
#! /usr/bin/ruby
# circle_area.rb computes the area of a circle given its radius
# 
# Input: the radius of a circle
# Precondition: the radius is not negative
# Output: the area of the circle.
#
# Begun by: Prof. Adams, for CS 214 at Calvin College.
# Completed by: Shion Fukuzawa
# Date: January 31, 2018
###############################################################

# function circleArea returns a circle's area, given its radius
# Parameters: r, a number
# Precondition: r > 0.
# Returns: the area of a circle whose radius is r.
PI = 3.1415927
def circleArea(r)
    PI * r ** 2 
end

if __FILE__ == $0
   puts "To compute the area of a circle,"
   print " enter its radius: "
   radius = gets.chomp.to_f
   print "The circle's area is: "
   puts circleArea(radius)
end
sf27@atanasoff:~/Desktop/CS214$ ruby circle_area.rb
To compute the area of a circle,
 enter its radius: 1
The circle's area is: 3.1415927
sf27@atanasoff:~/Desktop/CS214$ ruby circle_area.rb
To compute the area of a circle,
 enter its radius: 2
The circle's area is: 12.5663708
sf27@atanasoff:~/Desktop/CS214$ ruby circle_area.rb
To compute the area of a circle,
 enter its radius: 2.5
The circle's area is: 19.634954375
sf27@atanasoff:~/Desktop/CS214$ ruby circle_area.rb
To compute the area of a circle,
 enter its radius: 4.99999
The circle's area is: 78.53950334104417
sf27@atanasoff:~/Desktop/CS214$ exit

Script done on Wed 31 Jan 2018 09:18:33 AM EST
